2026-05-09 20:08:03,302 | INFO | Logging to file: logs/bot_20260509_200803.log
2026-05-09 20:08:03,302 | INFO | Loading config: configs/chip_observe.yaml
2026-05-09 20:08:04,085 | INFO | Rate limits loaded from exchangeInfo: 6000 weight / 60s
2026-05-09 20:08:04,095 | INFO | Checking exchange connection...
2026-05-09 20:08:04,356 | INFO | Connected to exchange. Server time: 1778350084256
2026-05-09 20:08:04,367 | INFO | DEX engine: Uniswap V3 (fee_tier=100)
2026-05-09 20:08:04,371 | INFO | TxBuilder wired: address=0x84b7346c733Daa8c189e1f31d574087971e5cD7a dex=v3 fee_tier=100
2026-05-09 20:08:04,378 | WARNING | ⚠️  PRODUCTION MODE — REAL MONEY ⚠️
2026-05-09 20:08:04,378 | INFO | Bot starting | pairs=['CHIP/USDC'] | risk={'capital': '100', 'peak': '100', 'daily_pnl': '0', 'drawdown': '0.0%', 'consec_loss': 0, 'tph': 0}
2026-05-09 20:08:09,764 | INFO | API key is IP-whitelisted — no expiration.
2026-05-09 20:08:11,221 | INFO | Wallet balances: {'ETH': 0.000983022193632, 'USDC': 29.9, 'CHIP': 369.52753870437886}
2026-05-09 20:08:11,361 | INFO | fetch_order_book: symbol=CHIP/USDC limit=20
2026-05-09 20:08:11,362 | INFO | Start polling
2026-05-09 20:08:11,393 | INFO | Run polling for bot @arb_bot_peanutbot id=8642945117 - 'arb_bot_peanut'
2026-05-09 20:08:11,615 | INFO | fetch_order_book: mid=0.06683 spread=5.99bps bids=20 asks=20
2026-05-09 20:08:12,567 | INFO | SPREAD | pair=CHIP/USDC | cex=0.06681/0.06685 | dex_sell=0.0668014 dex_buy=0.0668239 | spread_a=-7.3bps spread_b=-2.1bps | min=30.0bps
2026-05-09 20:08:12,714 | INFO | Update id=722885994 is handled. Duration 103 ms by bot id=8642945117
2026-05-09 20:08:12,714 | WARNING | Received SIGTERM — shutting down.
2026-05-09 20:08:12,714 | INFO | Polling stopped
2026-05-09 20:08:12,714 | ERROR | Failed to fetch updates - TelegramNetworkError: HTTP Client says - ServerDisconnectedError: Server disconnected
2026-05-09 20:08:12,714 | WARNING | Sleep for 1.000000 seconds and try again... (tryings = 0, bot id = 8642945117)
2026-05-09 20:08:13,086 | INFO | Bot stopped.
2026-05-09 20:08:13,087 | INFO | Polling stopped for bot @arb_bot_peanutbot id=8642945117 - 'arb_bot_peanut'
