2026-05-04 08:27:45,133 | INFO | Logging to file: logs/bot_20260504_082745.log
2026-05-04 08:27:45,133 | INFO | Loading config: configs/chip_observe.yaml
2026-05-04 08:27:45,720 | INFO | Rate limits loaded from exchangeInfo: 6000 weight / 60s
2026-05-04 08:27:45,729 | INFO | Checking exchange connection...
2026-05-04 08:27:46,036 | INFO | Connected to exchange. Server time: 1777872465952
2026-05-04 08:27:46,052 | INFO | DEX engine: Uniswap V3 (fee_tier=100)
2026-05-04 08:27:46,061 | WARNING | PRODUCTION MODE (dry_run=True — no real trades)
2026-05-04 08:27:46,062 | INFO | Bot starting | pairs=['CHIP/USDC'] | risk={'capital': '100', 'peak': '100', 'daily_pnl': '0', 'drawdown': '0.0%', 'consec_loss': 0, 'tph': 0}
2026-05-04 08:27:50,018 | INFO | API key is valid (expiration unknown).
2026-05-04 08:27:50,486 | INFO | fetch_order_book: symbol=CHIP/USDC limit=20
2026-05-04 08:27:50,489 | INFO | Start polling
2026-05-04 08:27:50,531 | INFO | Run polling for bot @arb_bot_peanutbot id=8642945117 - 'arb_bot_peanut'
2026-05-04 08:27:50,749 | INFO | fetch_order_book: mid=0.06010 spread=6.66bps bids=20 asks=20
2026-05-04 08:27:51,820 | INFO | SPREAD | pair=CHIP/USDC | cex=0.06008/0.06012 | dex_sell=0.060079 dex_buy=0.0601076 | spread_a=-6.8bps spread_b=-4.6bps | min=-3.0bps
2026-05-04 08:27:52,825 | INFO | fetch_order_book: symbol=CHIP/USDC limit=20
2026-05-04 08:27:53,093 | INFO | fetch_order_book: mid=0.06009 spread=6.66bps bids=20 asks=20
2026-05-04 08:27:54,090 | INFO | SPREAD | pair=CHIP/USDC | cex=0.06007/0.06011 | dex_sell=0.060079 dex_buy=0.0601076 | spread_a=-5.2bps spread_b=-6.3bps | min=-3.0bps
2026-05-04 08:27:55,092 | INFO | fetch_order_book: symbol=CHIP/USDC limit=20
2026-05-04 08:27:55,364 | INFO | fetch_order_book: mid=0.06010 spread=6.66bps bids=20 asks=20
2026-05-04 08:27:56,379 | INFO | SPREAD | pair=CHIP/USDC | cex=0.06008/0.06012 | dex_sell=0.060079 dex_buy=0.0601076 | spread_a=-6.8bps spread_b=-4.6bps | min=-3.0bps
2026-05-04 08:27:57,381 | INFO | fetch_order_book: symbol=CHIP/USDC limit=20
2026-05-04 08:27:57,709 | INFO | fetch_order_book: mid=0.060095 spread=4.99bps bids=20 asks=20
2026-05-04 08:27:58,714 | INFO | SPREAD | pair=CHIP/USDC | cex=0.06008/0.06011 | dex_sell=0.060079 dex_buy=0.0601076 | spread_a=-5.2bps spread_b=-4.6bps | min=-3.0bps
2026-05-04 08:27:59,717 | INFO | fetch_order_book: symbol=CHIP/USDC limit=20
2026-05-04 08:27:59,986 | INFO | fetch_order_book: mid=0.060095 spread=4.99bps bids=20 asks=20
2026-05-04 08:28:00,999 | INFO | SPREAD | pair=CHIP/USDC | cex=0.06008/0.06011 | dex_sell=0.060079 dex_buy=0.0601076 | spread_a=-5.2bps spread_b=-4.6bps | min=-3.0bps
2026-05-04 08:28:02,002 | INFO | fetch_order_book: symbol=CHIP/USDC limit=20
2026-05-04 08:28:02,269 | INFO | fetch_order_book: mid=0.060095 spread=4.99bps bids=20 asks=20
2026-05-04 08:28:03,289 | INFO | SPREAD | pair=CHIP/USDC | cex=0.06008/0.06011 | dex_sell=0.060079 dex_buy=0.0601076 | spread_a=-5.2bps spread_b=-4.6bps | min=-3.0bps
2026-05-04 08:28:04,292 | INFO | fetch_order_book: symbol=CHIP/USDC limit=20
2026-05-04 08:28:04,562 | INFO | fetch_order_book: mid=0.060095 spread=4.99bps bids=20 asks=20
2026-05-04 08:28:05,552 | INFO | SPREAD | pair=CHIP/USDC | cex=0.06008/0.06011 | dex_sell=0.060079 dex_buy=0.0601076 | spread_a=-5.2bps spread_b=-4.6bps | min=-3.0bps
2026-05-04 08:28:06,555 | INFO | fetch_order_book: symbol=CHIP/USDC limit=20
2026-05-04 08:28:06,826 | INFO | fetch_order_book: mid=0.06010 spread=6.66bps bids=20 asks=20
2026-05-04 08:28:07,900 | INFO | SPREAD | pair=CHIP/USDC | cex=0.06008/0.06012 | dex_sell=0.060079 dex_buy=0.0601076 | spread_a=-6.8bps spread_b=-4.6bps | min=-3.0bps
2026-05-04 08:28:08,902 | INFO | fetch_order_book: symbol=CHIP/USDC limit=20
2026-05-04 08:28:09,166 | INFO | fetch_order_book: mid=0.060095 spread=4.99bps bids=20 asks=20
2026-05-04 08:28:10,226 | INFO | SPREAD | pair=CHIP/USDC | cex=0.06008/0.06011 | dex_sell=0.060079 dex_buy=0.0601076 | spread_a=-5.2bps spread_b=-4.6bps | min=-3.0bps
2026-05-04 08:28:11,229 | INFO | fetch_order_book: symbol=CHIP/USDC limit=20
2026-05-04 08:28:11,491 | INFO | fetch_order_book: mid=0.060095 spread=4.99bps bids=20 asks=20
2026-05-04 08:28:12,597 | INFO | SPREAD | pair=CHIP/USDC | cex=0.06008/0.06011 | dex_sell=0.060079 dex_buy=0.0601076 | spread_a=-5.2bps spread_b=-4.6bps | min=-3.0bps
2026-05-04 08:28:13,600 | INFO | fetch_order_book: symbol=CHIP/USDC limit=20
2026-05-04 08:28:13,865 | INFO | fetch_order_book: mid=0.060105 spread=4.99bps bids=20 asks=20
2026-05-04 08:28:14,870 | INFO | SPREAD | pair=CHIP/USDC | cex=0.06009/0.06012 | dex_sell=0.060079 dex_buy=0.0601076 | spread_a=-6.8bps spread_b=-2.9bps | min=-3.0bps
2026-05-04 08:28:15,873 | INFO | fetch_order_book: symbol=CHIP/USDC limit=20
2026-05-04 08:28:16,138 | INFO | fetch_order_book: mid=0.060105 spread=4.99bps bids=20 asks=20
2026-05-04 08:28:17,224 | INFO | SPREAD | pair=CHIP/USDC | cex=0.06009/0.06012 | dex_sell=0.060079 dex_buy=0.0601076 | spread_a=-6.8bps spread_b=-2.9bps | min=-3.0bps
2026-05-04 08:28:18,226 | INFO | fetch_order_book: symbol=CHIP/USDC limit=20
2026-05-04 08:28:18,488 | INFO | fetch_order_book: mid=0.060105 spread=4.99bps bids=20 asks=20
2026-05-04 08:28:19,529 | INFO | SPREAD | pair=CHIP/USDC | cex=0.06009/0.06012 | dex_sell=0.060079 dex_buy=0.0601076 | spread_a=-6.8bps spread_b=-2.9bps | min=-3.0bps
2026-05-04 08:28:20,531 | INFO | fetch_order_book: symbol=CHIP/USDC limit=20
2026-05-04 08:28:20,794 | INFO | fetch_order_book: mid=0.060105 spread=4.99bps bids=20 asks=20
2026-05-04 08:28:21,816 | INFO | SPREAD | pair=CHIP/USDC | cex=0.06009/0.06012 | dex_sell=0.060079 dex_buy=0.0601076 | spread_a=-6.8bps spread_b=-2.9bps | min=-3.0bps
2026-05-04 08:28:22,819 | INFO | fetch_order_book: symbol=CHIP/USDC limit=20
2026-05-04 08:28:23,082 | INFO | fetch_order_book: mid=0.060105 spread=4.99bps bids=20 asks=20
2026-05-04 08:28:24,058 | INFO | SPREAD | pair=CHIP/USDC | cex=0.06009/0.06012 | dex_sell=0.060079 dex_buy=0.0601076 | spread_a=-6.8bps spread_b=-2.9bps | min=-3.0bps
2026-05-04 08:28:25,061 | INFO | fetch_order_book: symbol=CHIP/USDC limit=20
2026-05-04 08:28:25,343 | INFO | fetch_order_book: mid=0.060105 spread=4.99bps bids=20 asks=20
2026-05-04 08:28:26,367 | INFO | SPREAD | pair=CHIP/USDC | cex=0.06009/0.06012 | dex_sell=0.060079 dex_buy=0.0601076 | spread_a=-6.8bps spread_b=-2.9bps | min=-3.0bps
2026-05-04 08:28:27,370 | INFO | fetch_order_book: symbol=CHIP/USDC limit=20
2026-05-04 08:28:27,633 | INFO | fetch_order_book: mid=0.060105 spread=4.99bps bids=20 asks=20
2026-05-04 08:28:28,617 | INFO | SPREAD | pair=CHIP/USDC | cex=0.06009/0.06012 | dex_sell=0.060079 dex_buy=0.0601076 | spread_a=-6.8bps spread_b=-2.9bps | min=-3.0bps
2026-05-04 08:28:29,619 | INFO | fetch_order_book: symbol=CHIP/USDC limit=20
2026-05-04 08:28:29,889 | INFO | fetch_order_book: mid=0.06012 spread=3.33bps bids=20 asks=20
2026-05-04 08:28:30,899 | INFO | SPREAD | pair=CHIP/USDC | cex=0.06011/0.06013 | dex_sell=0.060079 dex_buy=0.0601076 | spread_a=-8.5bps spread_b=0.4bps | min=-3.0bps
2026-05-04 08:28:31,902 | INFO | fetch_order_book: symbol=CHIP/USDC limit=20
2026-05-04 08:28:32,167 | INFO | fetch_order_book: mid=0.060125 spread=4.99bps bids=20 asks=20
2026-05-04 08:28:33,196 | INFO | SPREAD | pair=CHIP/USDC | cex=0.06011/0.06014 | dex_sell=0.060079 dex_buy=0.0601076 | spread_a=-10.1bps spread_b=0.4bps | min=-3.0bps
2026-05-04 08:28:34,199 | INFO | fetch_order_book: symbol=CHIP/USDC limit=20
2026-05-04 08:28:34,480 | INFO | fetch_order_book: mid=0.06015 spread=3.33bps bids=20 asks=20
2026-05-04 08:28:35,514 | INFO | SPREAD | pair=CHIP/USDC | cex=0.06014/0.06016 | dex_sell=0.0601189 dex_buy=0.0601475 | spread_a=-6.8bps spread_b=-1.3bps | min=-3.0bps
2026-05-04 08:28:36,516 | INFO | fetch_order_book: symbol=CHIP/USDC limit=20
2026-05-04 08:28:36,780 | INFO | fetch_order_book: mid=0.06017 spread=3.32bps bids=20 asks=20
2026-05-04 08:28:37,807 | INFO | SPREAD | pair=CHIP/USDC | cex=0.06016/0.06018 | dex_sell=0.0601189 dex_buy=0.0601475 | spread_a=-10.1bps spread_b=2.1bps | min=-3.0bps
2026-05-04 08:28:38,809 | INFO | fetch_order_book: symbol=CHIP/USDC limit=20
2026-05-04 08:28:39,081 | INFO | fetch_order_book: mid=0.06021 spread=3.32bps bids=20 asks=20
2026-05-04 08:28:40,141 | INFO | SPREAD | pair=CHIP/USDC | cex=0.0602/0.06022 | dex_sell=0.0601992 dex_buy=0.0602278 | spread_a=-3.5bps spread_b=-4.6bps | min=-3.0bps
2026-05-04 08:28:41,143 | INFO | fetch_order_book: symbol=CHIP/USDC limit=20
2026-05-04 08:28:41,412 | INFO | fetch_order_book: mid=0.06022 spread=6.64bps bids=20 asks=20
2026-05-04 08:28:42,544 | INFO | SPREAD | pair=CHIP/USDC | cex=0.0602/0.06024 | dex_sell=0.0601992 dex_buy=0.0602278 | spread_a=-6.8bps spread_b=-4.6bps | min=-3.0bps
2026-05-04 08:28:43,546 | INFO | fetch_order_book: symbol=CHIP/USDC limit=20
2026-05-04 08:28:43,809 | INFO | fetch_order_book: mid=0.06022 spread=6.64bps bids=20 asks=20
2026-05-04 08:28:44,608 | INFO | Update id=722885960 is handled. Duration 168 ms by bot id=8642945117
2026-05-04 08:28:44,609 | WARNING | Received SIGTERM — shutting down.
2026-05-04 08:28:44,609 | INFO | Polling stopped
2026-05-04 08:28:44,611 | ERROR | Failed to fetch updates - TelegramNetworkError: HTTP Client says - ServerDisconnectedError: Server disconnected
2026-05-04 08:28:44,612 | WARNING | Sleep for 1.000000 seconds and try again... (tryings = 0, bot id = 8642945117)
2026-05-04 08:28:44,837 | INFO | SPREAD | pair=CHIP/USDC | cex=0.0602/0.06024 | dex_sell=0.0601992 dex_buy=0.0602278 | spread_a=-6.8bps spread_b=-4.6bps | min=-3.0bps
2026-05-04 08:28:45,062 | INFO | Bot stopped.
2026-05-04 08:28:45,062 | INFO | Polling stopped for bot @arb_bot_peanutbot id=8642945117 - 'arb_bot_peanut'
